// Jest Snapshot v1, https://goo.gl/fbAQLP

exports[`WeatherAdditionalInfo component renders testing WeatherAdditionalInfo renders without crashing 1`] = `ShallowWrapper {}`;
