// Jest Snapshot v1, https://goo.gl/fbAQLP

exports[`WeatherCard component renders testing WeatherCard renders without crashing 1`] = `ShallowWrapper {}`;
